// Vitest Snapshot v1, https://vitest.dev/guide/snapshot.html

exports[`commands/dev-miscellaneous > should fail in CI with multiple projects 1`] = `"›   Error: Sites detected: package1, package2. Configure the site you want to work with and try again. See docs at: https://docs.netlify.com/configure-builds/monorepos/#manual-configuration"`;
