// Vitest Snapshot v1, https://vitest.dev/guide/snapshot.html

exports[`help command > netlify help 1`] = `
"⬥ Netlify CLI

VERSION
  netlify-cli/test-version test-os test-node-version

USAGE
  $ netlify [COMMAND]

COMMANDS
  $ api          Run any Netlify API method
  $ blobs        Manage objects in Netlify Blobs
  $ build        Build on your local machine
  $ clone        Clone a remote repository and link it to an existing project
                 on Netlify
  $ completion   Generate shell completion script
  $ db           Provision a production ready Postgres database with a single
                 command
  $ deploy       Deploy your project to Netlify
  $ dev          Local dev server
  $ env          Control environment variables for the current project
  $ functions    Manage netlify functions
  $ init         Configure continuous deployment for a new or existing project.
                 To create a new project without continuous deployment, use
                 \`netlify sites:create\`
  $ link         Link a local repo or project folder to an existing project on
                 Netlify
  $ login        Login to your Netlify account
  $ logs         Stream logs from your project
  $ open         Open settings for the project linked to the current folder
  $ recipes      Create and modify files in a project using pre-defined recipes
  $ serve        Build the project for production and serve locally. This does
                 not watch the code for changes, so if you need to rebuild your
                 project then you must exit and run \`serve\` again.
  $ sites        Handle various project operations
  $ status       Print status information
  $ switch       Switch your active Netlify account
  $ unlink       Unlink a local folder from a Netlify project
  $ watch        Watch for project deploy to finish

→ For more help with the CLI, visit https://developers.netlify.com/cli
→ For help with Netlify, visit https://docs.netlify.com
→ To report a CLI bug, visit https://github.com/netlify/cli/issues"
`;

exports[`help command > netlify help completion 1`] = `
"Generate shell completion script

USAGE
  $ netlify completion [options]

OPTIONS
  -h, --help             display help for command
  --debug                Print debugging information
  --auth <token>         Netlify auth token - can be used to run this command
                         without logging in

DESCRIPTION
  Run this command to see instructions for your shell.

EXAMPLES
  $ netlify completion:install

COMMANDS
  $ completion:install   Generates completion script for your preferred shell"
`;
